// Jest Snapshot v1, https://goo.gl/fbAQLP

exports[`SerchBar test SerchBar initial renders properly 1`] = `
<div
  className="SerchContainer"
>
  <Input
    action={
      <Button
        as="button"
        className="lll"
        icon="search"
        onClick={[Function]}
      />
    }
    disabled={false}
    fluid={true}
    onChange={[Function]}
    placeholder="Search..."
    size="large"
    type="text"
    value=""
  />
  <Header
    as="h4"
    content="We found 0 item"
    subheader=""
  />
</div>
`;
